Iniciando sesión en IsMyGym...
Login exitoso!
Recopilando IDs de socios...
  Página 0: 40 socios encontrados (total: 40)
  Página 1: 40 socios encontrados (total: 80)
  Página 2: 40 socios encontrados (total: 120)
  Página 3: 40 socios encontrados (total: 160)
  Página 4: 40 socios encontrados (total: 200)
  Página 5: 40 socios encontrados (total: 240)
  Página 6: 40 socios encontrados (total: 280)
  Página 7: 40 socios encontrados (total: 320)
  Página 8: 40 socios encontrados (total: 360)
  Página 9: 40 socios encontrados (total: 400)
  Página 10: 40 socios encontrados (total: 440)
  Página 11: 40 socios encontrados (total: 480)
  Página 12: 40 socios encontrados (total: 520)
  Página 13: 40 socios encontrados (total: 560)
  Página 14: 36 socios encontrados (total: 596)
Total socios únicos: 596
  Progreso: 1/596 (0.2%) - Último: Mohamed Zayan Rifi
  Progreso: 10/596 (1.7%) - Último: Alex Tsolov Mihaylov
  Progreso: 20/596 (3.4%) - Último: Costin Cojocaru Boncu
  Progreso: 30/596 (5.0%) - Último: Antony Mendoza miranda
  Progreso: 40/596 (6.7%) - Último: Lucía Pagola Sánchez
  Progreso: 50/596 (8.4%) - Último: Mario Zatarain Hernanz
  Progreso: 60/596 (10.1%) - Último: Fernando Galán López
  Progreso: 70/596 (11.7%) - Último: Felix Fernandez Gonzalez
  Progreso: 80/596 (13.4%) - Último: Marin Krastev Marinov
  Progreso: 90/596 (15.1%) - Último: Jorge Hernandez Castro
  Progreso: 100/596 (16.8%) - Último: Raquel García-Consuegra Gutiérrez
  Progreso: 110/596 (18.5%) - Último: Julia Otero Cobo
  Progreso: 120/596 (20.1%) - Último: Jorge Gabriel Martín Soares
  Progreso: 130/596 (21.8%) - Último: María Teresa Grande González
  Progreso: 140/596 (23.5%) - Último: Abraham Gonzalez Lopez
  Progreso: 150/596 (25.2%) - Último: Miguel Alfredo Rodríguez Martins
  Progreso: 160/596 (26.8%) - Último: Azucena Brañas Santos
  Progreso: 170/596 (28.5%) - Último: Marcos Beltrán Rubio
  Progreso: 180/596 (30.2%) - Último: Luna Brunicardi Nieto
  Progreso: 190/596 (31.9%) - Último: Mihail Trifonof
  Progreso: 200/596 (33.6%) - Último: Rodrigo Pascual Lobo
  Progreso: 210/596 (35.2%) - Último: José Gabriel Mancia Alonzo
  Progreso: 220/596 (36.9%) - Último: Sayf Eddine bouariche kaina
  Progreso: 230/596 (38.6%) - Último: Rocío Torija Muñoz
  Progreso: 240/596 (40.3%) - Último: Jose Antonio Areses Aguado
  Progreso: 250/596 (41.9%) - Último: claudio arias
  Progreso: 260/596 (43.6%) - Último: Maria Antonia Bermejo
  Progreso: 270/596 (45.3%) - Último: Raúl Mercado García
  Progreso: 280/596 (47.0%) - Último: KEVIN MEDINA
  Progreso: 290/596 (48.7%) - Último: Marcos Muñoz Marqués
  Progreso: 300/596 (50.3%) - Último: Javier Tuñon Garcia
  Progreso: 310/596 (52.0%) - Último: Juan Luis Alvarez Herrero
  Progreso: 320/596 (53.7%) - Último: kostadin dobroslavov kostov
  Progreso: 330/596 (55.4%) - Último: Sonia Pérez Díaz
  Progreso: 340/596 (57.0%) - Último: Pepe Tovar jimenez
  Progreso: 350/596 (58.7%) - Último: JONATAN BRAÑAS
  Progreso: 360/596 (60.4%) - Último: Jhonnier Rincon
  Progreso: 370/596 (62.1%) - Último: Dania Marisol Fernández Martínez
  Progreso: 380/596 (63.8%) - Último: Guillermo López Henríquez
  Progreso: 390/596 (65.4%) - Último: Jorge Colina
  Progreso: 400/596 (67.1%) - Último: Denis Danailov veselinov
  Progreso: 410/596 (68.8%) - Último: Gabriel De Andrés Rubio
  Progreso: 420/596 (70.5%) - Último: Nicolás Vegas
  Progreso: 430/596 (72.1%) - Último: Sergio Ayuso Rodriguez
  Progreso: 440/596 (73.8%) - Último: Guzman Calle Arroyo
  Progreso: 450/596 (75.5%) - Último: Sandra Velasco Cala
  Progreso: 460/596 (77.2%) - Último: Roberto Carlos Rincón Guerrero
  Progreso: 470/596 (78.9%) - Último: VANESA Marín Velasco
  Progreso: 480/596 (80.5%) - Último: Irene Aguilar Naranjo
  Progreso: 490/596 (82.2%) - Último: Gabriel Esteban Morales Padilla
  Progreso: 500/596 (83.9%) - Último: Andrea Fernández Velázquez
  Progreso: 510/596 (85.6%) - Último: Miguel angel Vergara grande
  Progreso: 520/596 (87.2%) - Último: Moad El Karbas
  Progreso: 530/596 (88.9%) - Último: Luis Carlos Cardoso García
  Progreso: 540/596 (90.6%) - Último: Elsa Moreno Pérez
  Progreso: 550/596 (92.3%) - Último: Ariel Martin Estebaran
  Progreso: 560/596 (94.0%) - Último: RAQUEL Marqués  Garcia
  Progreso: 570/596 (95.6%) - Último: Mateo Gila Ayuso
  Progreso: 580/596 (97.3%) - Último: Ivan Villar Gutiérrez
  Progreso: 590/596 (99.0%) - Último: Eduardo Sistemas

Generando Excel con 596 socios...
Excel guardado en: /app/socios_lafabrika.xlsx

==================================================
MIGRACIÓN COMPLETADA
Socios extraídos: 596
Errores: 0
Archivo: /app/socios_lafabrika.xlsx
==================================================
