Login OK
Recopilando IDs...
Total IDs: 596
  Progreso: 1/596 (0.2%) - Evian Velinov: hasta 30/04/2026
  Progreso: 20/596 (3.4%) - ewerton da silva reis: hasta 31/03/2026
  Progreso: 40/596 (6.7%) - Antony Mendoza miranda: hasta 30/04/2026
  Progreso: 60/596 (10.1%) - Nicolas Mihailov Trifonov: hasta 
  Progreso: 80/596 (13.4%) - Ivan Marinov Marinov: hasta 30/04/2026
  Progreso: 100/596 (16.8%) - Daniel Escorial alcalde: hasta 30/04/2026
  Progreso: 120/596 (20.1%) - Yani Genao: hasta 31/05/2026
  Progreso: 140/596 (23.5%) - Melis Gyunay: hasta 30/04/2026
  Progreso: 160/596 (26.8%) - Arturo Chicón marti.: hasta 28/02/2026
  Progreso: 180/596 (30.2%) - Noelia Gomez: hasta 31/01/2026
  Progreso: 200/596 (33.6%) - Flavia Martinez Goitia: hasta 31/03/2026
  Progreso: 220/596 (36.9%) - Ezequiel Colina Urrieta: hasta 30/04/2026
  Progreso: 240/596 (40.3%) - Alnader Baidas: hasta 31/01/2026
  Progreso: 260/596 (43.6%) - ANGEL LUIS DE DIEGO SANTA ELENA: hasta 30/04/2026
  Progreso: 280/596 (47.0%) - Guillermo Gael Aguirre Gomez: hasta 30/04/2026
  Progreso: 300/596 (50.3%) - Alvaro Del villar del ojo: hasta 30/04/2026
  Progreso: 320/596 (53.7%) - Maria Sonia Gilarranz Suarez: hasta 30/04/2026
  Progreso: 340/596 (57.0%) - Sonia Pérez Díaz: hasta 
  Progreso: 360/596 (60.4%) - Nicolás Matesanz Sanz: hasta 30/04/2026
  Progreso: 380/596 (63.8%) - Cem Kayatekin: hasta 30/04/2026
  Progreso: 400/596 (67.1%) - Angela Montes San Lorenzo: hasta 31/01/2026
  Progreso: 420/596 (70.5%) - Nicolás Vegas: hasta 31/05/2026
  Progreso: 440/596 (73.8%) - Eduardo Tafur Huerta: hasta 30/04/2026
  Progreso: 460/596 (77.2%) - Abraham Llorente Garcia: hasta 31/05/2026
  Progreso: 480/596 (80.5%) - Rosalía Pérez Herrero: hasta 30/04/2026
  Progreso: 500/596 (83.9%) - Sonia Vergara velazquez: hasta 30/06/2026
  Progreso: 520/596 (87.2%) - Alberto Blanco: hasta 30/04/2026
  Progreso: 540/596 (90.6%) - Luis Carlos Cardoso García: hasta 
  Progreso: 560/596 (94.0%) - Raquel Sanchez: hasta 30/04/2026
  Progreso: 580/596 (97.3%) - Juan Carlos García: hasta 

==================================================
TOTAL: 596 socios
Con fecha vencimiento: 521
Sin cuota activa: 75
Guardado en: /app/vencimientos_lafabrika.json
==================================================
